// Jest Snapshot v1, https://goo.gl/fbAQLP

exports[`should render ExpenseListPage with no expenses 1`] = `
<div>
  <h3>
    expense list page for filter: 
  </h3>
  <h3>
    count: 
    0
       amount: 
    0
     
  </h3>
  <p>
    No expenses
  </p>
</div>
`;

exports[`should render ExpenseListPage with test expenses 1`] = `
<div>
  <h3>
    expense list page for filter: 
  </h3>
  <h3>
    count: 
    3
       amount: 
    600
     
  </h3>
  <p>
    expenses count: 
    3
  </p>
  <ExpenseListItemPage
    amount={300}
    createdAt={0}
    description="bread"
    id="1"
    key="1"
    note=""
  />
  <ExpenseListItemPage
    amount={200}
    createdAt={-345600000}
    description="milk"
    id="2"
    key="2"
    note=""
  />
  <ExpenseListItemPage
    amount={100}
    createdAt={345600000}
    description="spinach"
    id="3"
    key="3"
    note=""
  />
</div>
`;
